** Drc report for 회로도_stack.kicad_pcb **
** Created on 2026-08-11T22:52:37 **
** Report includes: Errors, Warnings **

** Found 3 DRC violations **
[lib_footprint_mismatch]: 풋프린트 'PinHeader_1x05_P2.54mm_Vertical'이(가) 라이브러리 'Connector_PinHeader_2.54mm'의 사본과 일치하지 않습니다
    Local override; warning
    @(66.0400 mm, 139.7000 mm): Footprint J4
[lib_footprint_mismatch]: 풋프린트 'PinHeader_1x05_P2.54mm_Vertical'이(가) 라이브러리 'Connector_PinHeader_2.54mm'의 사본과 일치하지 않습니다
    Local override; warning
    @(190.5000 mm, 124.4600 mm): Footprint J5
[lib_footprint_mismatch]: 풋프린트 'PinHeader_1x05_P2.54mm_Vertical'이(가) 라이브러리 'Connector_PinHeader_2.54mm'의 사본과 일치하지 않습니다
    Local override; warning
    @(198.1200 mm, 129.5400 mm): Footprint J6

** Found 0 unconnected pads **

** Found 0 Footprint errors **

** Ignored checks **
    - Footprint has no courtyard defined
    - Track endpoint not centered on via
    - Tuning profile track geometries
    - Footprint doesn't match symbol's footprint filters
    - Footprint component type doesn't match footprint pads

** End of Report **
